---
source: chidori-static-analysis/src/language/python/parse.rs
description: "out = await read_file_and_load_to_memory(\"./\")\n"
---
cell_exposed_values:
  out: {}
cell_depended_values:
  read_file_and_load_to_memory: {}
triggerable_functions: {}
