---
source: chidori-static-analysis/src/language/python/parse.rs
description: "def testing():\n    x = 2 + y\n    return x\n    "
---
- - InFunction:
      - testing
      - start: 0
        end: 41
- - InFunction:
      - testing
      - start: 0
        end: 41
  - AssignmentToStatement
  - IdentifierReferredTo:
      name: x
      in_scope: false
      exposed: false
- - InFunction:
      - testing
      - start: 0
        end: 41
  - AssignmentFromStatement
  - IdentifierReferredTo:
      name: y
      in_scope: false
      exposed: false
- - InFunction:
      - testing
      - start: 0
        end: 41
  - IdentifierReferredTo:
      name: x
      in_scope: true
      exposed: false
