---
source: chidori-static-analysis/src/language/javascript/parse.rs
description: "const { e: { f } } = { e: { f: 4 } };\n"
---
- - AssignmentToStatement
  - IdentifierReferredTo:
      name: f
      in_scope: false
      exposed: true
- - AssignmentFromStatement
