---
source: chidori-static-analysis/src/language/javascript/parse.rs
description: "for (let i = 0; i < 3; i++) {\n    for (let j = 0; j < 3; j++) {\n        console.log(i, j);\n    }\n}\n"
---
internal_call_graph: {}
cell_exposed_values: {}
cell_depended_values: {}
triggerable_functions: {}
