---
source: chidori-static-analysis/src/language/javascript/parse.rs
description: "const { x: newX = 100 } = {};\n"
---
- - AssignmentToStatement
  - IdentifierReferredTo:
      name: newX
      in_scope: false
      exposed: true
- - AssignmentFromStatement
