---
source: chidori-static-analysis/src/language/javascript/parse.rs
description: "const [g, h] = [5, 6];\n"
---
internal_call_graph: {}
cell_exposed_values:
  g: {}
  h: {}
cell_depended_values: {}
triggerable_functions: {}
