---
source: chidori-static-analysis/src/language/javascript/parse.rs
description: "const { q: { r: [s, { t }] } } = { q: { r: [17, { t: 18 }] } };\n"
---
internal_call_graph: {}
cell_exposed_values:
  s: {}
  t: {}
cell_depended_values: {}
triggerable_functions: {}
