---
source: chidori-static-analysis/src/language/javascript/parse.rs
description: "const { x: newX = 100 } = {};\n"
---
internal_call_graph: {}
cell_exposed_values:
  newX: {}
cell_depended_values: {}
triggerable_functions: {}
